Component: ARM Compiler 5.06 update 5 (build 528) Tool: armlink [4d35e2]

==============================================================================

Section Cross References

    3140_concur.o(i.process_stack_free) refers to malloc2.o(i.__free$2region) for free
    3140_concur.o(i.process_stack_init) refers to malloc2.o(i.__malloc$2region) for malloc
    3140_concur.o(i.process_stack_init) refers to 3140.o(myProg) for process_terminated
    utils.o(i.LEDBlue_On) refers to utils.o(i.__get_PRIMASK) for __get_PRIMASK
    utils.o(i.LEDBlue_On) refers to utils.o(i.__set_PRIMASK) for __set_PRIMASK
    utils.o(i.LEDGreen_On) refers to utils.o(i.__get_PRIMASK) for __get_PRIMASK
    utils.o(i.LEDGreen_On) refers to utils.o(i.__set_PRIMASK) for __set_PRIMASK
    utils.o(i.LEDRed_On) refers to utils.o(i.__get_PRIMASK) for __get_PRIMASK
    utils.o(i.LEDRed_On) refers to utils.o(i.__set_PRIMASK) for __set_PRIMASK
    utils.o(i.LED_Off) refers to utils.o(i.__get_PRIMASK) for __get_PRIMASK
    utils.o(i.LED_Off) refers to utils.o(i.__set_PRIMASK) for __set_PRIMASK
    3140.o(myProg) refers to process.o(i.process_select) for process_select
    3140.o(myProg) refers to 3140.o(myData) for OrigStackPointer
    process.o(i.dequeue) refers to process.o(.data) for process_queue
    process.o(i.enqueue) refers to process.o(.data) for process_queue
    process.o(i.process_create) refers to process.o(i.__NVIC_DisableIRQ) for __NVIC_DisableIRQ
    process.o(i.process_create) refers to 3140_concur.o(i.process_stack_init) for process_stack_init
    process.o(i.process_create) refers to process.o(i.__NVIC_EnableIRQ) for __NVIC_EnableIRQ
    process.o(i.process_create) refers to malloc2.o(i.__malloc$2region) for malloc
    process.o(i.process_create) refers to process.o(i.enqueue) for enqueue
    process.o(i.process_select) refers to process.o(i.__NVIC_DisableIRQ) for __NVIC_DisableIRQ
    process.o(i.process_select) refers to 3140_concur.o(i.process_stack_free) for process_stack_free
    process.o(i.process_select) refers to process.o(i.__NVIC_EnableIRQ) for __NVIC_EnableIRQ
    process.o(i.process_select) refers to process.o(i.enqueue) for enqueue
    process.o(i.process_select) refers to process.o(i.dequeue) for dequeue
    process.o(i.process_select) refers to process.o(.data) for current_process
    process.o(i.process_start) refers to process.o(i.__NVIC_EnableIRQ) for __NVIC_EnableIRQ
    process.o(i.process_start) refers to process.o(i.timer_setup) for timer_setup
    process.o(i.process_start) refers to 3140.o(myProg) for process_begin
    process.o(i.process_start) refers to process.o(.data) for process_queue
    lock.o(i.l_lock) refers to lock.o(i.__NVIC_DisableIRQ) for __NVIC_DisableIRQ
    lock.o(i.l_lock) refers to lock.o(i.lock_enqueue) for lock_enqueue
    lock.o(i.l_lock) refers to lock.o(i.__NVIC_EnableIRQ) for __NVIC_EnableIRQ
    lock.o(i.l_lock) refers to 3140.o(myProg) for process_blocked
    lock.o(i.l_lock) refers to process.o(.data) for current_process
    lock.o(i.l_unlock) refers to lock.o(i.__NVIC_DisableIRQ) for __NVIC_DisableIRQ
    lock.o(i.l_unlock) refers to lock.o(i.lock_dequeue) for lock_dequeue
    lock.o(i.l_unlock) refers to process.o(i.enqueue) for enqueue
    lock.o(i.l_unlock) refers to lock.o(i.__NVIC_EnableIRQ) for __NVIC_EnableIRQ
    cond.o(i.c_signal) refers to cond.o(i.__NVIC_DisableIRQ) for __NVIC_DisableIRQ
    cond.o(i.c_signal) refers to cond.o(i.c_waiting) for c_waiting
    cond.o(i.c_signal) refers to lock.o(i.l_unlock) for l_unlock
    cond.o(i.c_signal) refers to cond.o(i.__NVIC_EnableIRQ) for __NVIC_EnableIRQ
    cond.o(i.c_signal) refers to cond.o(i.cond_dequeue) for cond_dequeue
    cond.o(i.c_signal) refers to lock.o(i.lock_enqueue) for lock_enqueue
    cond.o(i.c_wait) refers to cond.o(i.__NVIC_DisableIRQ) for __NVIC_DisableIRQ
    cond.o(i.c_wait) refers to lock.o(i.l_unlock) for l_unlock
    cond.o(i.c_wait) refers to cond.o(i.cond_enqueue) for cond_enqueue
    cond.o(i.c_wait) refers to cond.o(i.__NVIC_EnableIRQ) for __NVIC_EnableIRQ
    cond.o(i.c_wait) refers to 3140.o(myProg) for process_blocked
    cond.o(i.c_wait) refers to lock.o(i.l_lock) for l_lock
    cond.o(i.c_wait) refers to process.o(.data) for current_process
    test_c2.o(i.LED) refers to lock.o(i.l_lock) for l_lock
    test_c2.o(i.LED) refers to cond.o(i.c_wait) for c_wait
    test_c2.o(i.LED) refers to test_c2.o(i.p1) for p1
    test_c2.o(i.LED) refers to lock.o(i.l_unlock) for l_unlock
    test_c2.o(i.LED) refers to test_c2.o(.data) for l_cond
    test_c2.o(i.LED_signal) refers to lock.o(i.l_lock) for l_lock
    test_c2.o(i.LED_signal) refers to cond.o(i.c_waiting) for c_waiting
    test_c2.o(i.LED_signal) refers to cond.o(i.c_signal) for c_signal
    test_c2.o(i.LED_signal) refers to lock.o(i.l_unlock) for l_unlock
    test_c2.o(i.LED_signal) refers to test_c2.o(.data) for l_cond
    test_c2.o(i.just_locks) refers to lock.o(i.l_lock) for l_lock
    test_c2.o(i.just_locks) refers to utils.o(i.LEDRed_Toggle) for LEDRed_Toggle
    test_c2.o(i.just_locks) refers to utils.o(i.delay) for delay
    test_c2.o(i.just_locks) refers to lock.o(i.l_unlock) for l_unlock
    test_c2.o(i.just_locks) refers to test_c2.o(.data) for l_locker
    test_c2.o(i.main) refers to utils.o(i.LED_Initialize) for LED_Initialize
    test_c2.o(i.main) refers to lock.o(i.l_init) for l_init
    test_c2.o(i.main) refers to cond.o(i.c_init) for c_init
    test_c2.o(i.main) refers to process.o(i.process_create) for process_create
    test_c2.o(i.main) refers to process.o(i.process_start) for process_start
    test_c2.o(i.main) refers to utils.o(i.LEDGreen_On) for LEDGreen_On
    test_c2.o(i.main) refers to test_c2.o(.data) for l_locker
    test_c2.o(i.main) refers to test_c2.o(i.LED) for LED
    test_c2.o(i.main) refers to test_c2.o(i.just_locks) for just_locks
    test_c2.o(i.main) refers to test_c2.o(i.LED_signal) for LED_signal
    test_c2.o(i.p1) refers to utils.o(i.delay) for delay
    test_c2.o(i.p1) refers to utils.o(i.LEDBlue_Toggle) for LEDBlue_Toggle
    startup_mk64f12.o(RESET) refers to startup_mk64f12.o(.text) for Reset_Handler
    startup_mk64f12.o(RESET) refers to 3140.o(myProg) for SVC_Handler
    startup_mk64f12.o(.text) refers to startup_mk64f12.o(FlashConfig) for FlashConfig
    startup_mk64f12.o(.text) refers to startup_mk64f12.o(RESET) for __Vectors
    startup_mk64f12.o(.text) refers to system_mk64f12.o(i.SystemInit) for SystemInit
    startup_mk64f12.o(.text) refers to entry.o(.ARM.Collect$$$$00000000) for __main
    system_mk64f12.o(i.SystemCoreClockUpdate) refers to system_mk64f12.o(.data) for SystemCoreClock
    entry.o(.ARM.Collect$$$$00000000) refers (Special) to entry10a.o(.ARM.Collect$$$$0000000D) for __rt_final_cpp
    entry.o(.ARM.Collect$$$$00000000) refers (Special) to entry11a.o(.ARM.Collect$$$$0000000F) for __rt_final_exit
    entry.o(.ARM.Collect$$$$00000000) refers (Special) to entry7b.o(.ARM.Collect$$$$00000008) for _main_clock
    entry.o(.ARM.Collect$$$$00000000) refers (Special) to entry8b.o(.ARM.Collect$$$$0000000A) for _main_cpp_init
    entry.o(.ARM.Collect$$$$00000000) refers (Special) to entry9a.o(.ARM.Collect$$$$0000000B) for _main_init
    entry.o(.ARM.Collect$$$$00000000) refers (Special) to entry5.o(.ARM.Collect$$$$00000004) for _main_scatterload
    entry.o(.ARM.Collect$$$$00000000) refers (Special) to entry4.o(.ARM.Collect$$$$00000003) for _main_stk
    malloc2.o(i.__free$2region) refers to mvars.o(.data) for __microlib_freelist
    malloc2.o(i.__malloc$2region) refers to mvars.o(.data) for __microlib_freelist_initialised
    malloc2.o(i.__malloc$2region) refers to mvars.o(.data) for __microlib_freelist
    mallocr2.o(i.__free$realloc$2region) refers to mvars.o(.data) for __microlib_freelist
    mallocr2.o(i.__malloc$realloc$2region) refers to mallocr2.o(i.internal_alloc) for internal_alloc
    mallocr2.o(i.__malloc$realloc$2region) refers to mvars.o(.data) for __microlib_freelist_initialised
    mallocr2.o(i.__malloc$realloc$2region) refers to mvars.o(.data) for __microlib_freelist
    mallocr2.o(i.__realloc$2region) refers to mallocr2.o(i.__free$realloc$2region) for __free$realloc$2region
    mallocr2.o(i.__realloc$2region) refers to mallocr2.o(i.internal_alloc) for internal_alloc
    mallocr2.o(i.__realloc$2region) refers to mallocr2.o(i.__malloc$realloc$2region) for __malloc$realloc$2region
    mallocr2.o(i.__realloc$2region) refers to mvars.o(.data) for __microlib_freelist
    mallocr2.o(i.internal_alloc) refers to memcpya.o(.text) for __aeabi_memcpy
    mallocr2.o(i.internal_alloc) refers to mvars.o(.data) for __microlib_freelist
    malloca2.o(i.__aligned_malloc$2region) refers to mvars.o(.data) for __microlib_freelist_initialised
    malloca2.o(i.__aligned_malloc$2region) refers to mvars.o(.data) for __microlib_freelist
    malloca2.o(i.__free$memalign$2region) refers to mvars.o(.data) for __microlib_freelist
    malloca2.o(i.__malloc$memalign$2region) refers to malloca2.o(i.__aligned_malloc$2region) for __aligned_malloc$2region
    mallocra2.o(i.__aligned_malloc$realloc$2region) refers to mallocra2.o(i.internal_alloc) for internal_alloc
    mallocra2.o(i.__aligned_malloc$realloc$2region) refers to mvars.o(.data) for __microlib_freelist_initialised
    mallocra2.o(i.__aligned_malloc$realloc$2region) refers to mvars.o(.data) for __microlib_freelist
    mallocra2.o(i.__free$realloc$memalign$2region) refers to mvars.o(.data) for __microlib_freelist
    mallocra2.o(i.__malloc$realloc$memalign$2region) refers to mallocra2.o(i.__aligned_malloc$realloc$2region) for __aligned_malloc$realloc$2region
    mallocra2.o(i.__realloc$memalign$2region) refers to mallocra2.o(i.__free$realloc$memalign$2region) for __free$realloc$memalign$2region
    mallocra2.o(i.__realloc$memalign$2region) refers to mallocra2.o(i.internal_alloc) for internal_alloc
    mallocra2.o(i.__realloc$memalign$2region) refers to mallocra2.o(i.__malloc$realloc$memalign$2region) for __malloc$realloc$memalign$2region
    mallocra2.o(i.__realloc$memalign$2region) refers to mvars.o(.data) for __microlib_freelist
    mallocra2.o(i.internal_alloc) refers to memcpya.o(.text) for __aeabi_memcpy
    mallocra2.o(i.internal_alloc) refers to mvars.o(.data) for __microlib_freelist
    entry4.o(.ARM.Collect$$$$00000003) refers to entry4.o(.ARM.Collect$$$$00002714) for __lit__00000000
    entry4.o(__vectab_stack_and_reset_area) refers to entry.o(.ARM.Collect$$$$00000000) for __main
    entry5.o(.ARM.Collect$$$$00000004) refers to init.o(.text) for __scatterload
    entry9a.o(.ARM.Collect$$$$0000000B) refers to test_c2.o(i.main) for main
    entry9b.o(.ARM.Collect$$$$0000000C) refers to test_c2.o(i.main) for main
    init.o(.text) refers to entry5.o(.ARM.Collect$$$$00000004) for __main_after_scatterload


==============================================================================

Removing Unused input sections from the image.

    Removing 3140_concur.o(.rev16_text), (4 bytes).
    Removing 3140_concur.o(.revsh_text), (4 bytes).
    Removing 3140_concur.o(.rrx_text), (6 bytes).
    Removing utils.o(.rev16_text), (4 bytes).
    Removing utils.o(.revsh_text), (4 bytes).
    Removing utils.o(.rrx_text), (6 bytes).
    Removing utils.o(i.LEDBlue_On), (44 bytes).
    Removing utils.o(i.LEDGreen_Toggle), (16 bytes).
    Removing utils.o(i.LEDRed_On), (44 bytes).
    Removing utils.o(i.LED_Off), (44 bytes).
    Removing process.o(.rev16_text), (4 bytes).
    Removing process.o(.revsh_text), (4 bytes).
    Removing process.o(.rrx_text), (6 bytes).
    Removing lock.o(.rev16_text), (4 bytes).
    Removing lock.o(.revsh_text), (4 bytes).
    Removing lock.o(.rrx_text), (6 bytes).
    Removing cond.o(.rev16_text), (4 bytes).
    Removing cond.o(.revsh_text), (4 bytes).
    Removing cond.o(.rrx_text), (6 bytes).
    Removing test_c2.o(.rev16_text), (4 bytes).
    Removing test_c2.o(.revsh_text), (4 bytes).
    Removing test_c2.o(.rrx_text), (6 bytes).
    Removing system_mk64f12.o(.rev16_text), (4 bytes).
    Removing system_mk64f12.o(.revsh_text), (4 bytes).
    Removing system_mk64f12.o(.rrx_text), (6 bytes).
    Removing system_mk64f12.o(i.SystemCoreClockUpdate), (452 bytes).
    Removing system_mk64f12.o(.data), (4 bytes).

27 unused section(s) (total 702 bytes) removed from the image.

==============================================================================

Image Symbol Table

    Local Symbols

    Symbol Name                              Value     Ov Type        Size  Object(Section)

    RESET                                    0x00000000   Section     1024  startup_mk64f12.o(RESET)
    ../clib/microlib/init/entry.s            0x00000000   Number         0  entry9b.o ABSOLUTE
    ../clib/microlib/init/entry.s            0x00000000   Number         0  entry9a.o ABSOLUTE
    ../clib/microlib/init/entry.s            0x00000000   Number         0  entry5.o ABSOLUTE
    ../clib/microlib/init/entry.s            0x00000000   Number         0  entry7a.o ABSOLUTE
    ../clib/microlib/init/entry.s            0x00000000   Number         0  entry.o ABSOLUTE
    ../clib/microlib/init/entry.s            0x00000000   Number         0  entry7b.o ABSOLUTE
    ../clib/microlib/init/entry.s            0x00000000   Number         0  entry8a.o ABSOLUTE
    ../clib/microlib/init/entry.s            0x00000000   Number         0  entry8b.o ABSOLUTE
    ../clib/microlib/init/entry.s            0x00000000   Number         0  entry11b.o ABSOLUTE
    ../clib/microlib/init/entry.s            0x00000000   Number         0  entry11a.o ABSOLUTE
    ../clib/microlib/init/entry.s            0x00000000   Number         0  entry10a.o ABSOLUTE
    ../clib/microlib/init/entry.s            0x00000000   Number         0  entry10b.o ABSOLUTE
    ../clib/microlib/init/entry.s            0x00000000   Number         0  entry4.o ABSOLUTE
    ../clib/microlib/malloc/malloc.c         0x00000000   Number         0  malloca2.o ABSOLUTE
    ../clib/microlib/malloc/malloc.c         0x00000000   Number         0  mallocr2.o ABSOLUTE
    ../clib/microlib/malloc/malloc.c         0x00000000   Number         0  malloc2.o ABSOLUTE
    ../clib/microlib/malloc/malloc.c         0x00000000   Number         0  mallocra2.o ABSOLUTE
    ../clib/microlib/malloc/mvars.c          0x00000000   Number         0  mvars.o ABSOLUTE
    ../clib/microlib/string/memcpy.c         0x00000000   Number         0  memcpyb.o ABSOLUTE
    ../clib/microlib/string/memcpy.c         0x00000000   Number         0  memcpya.o ABSOLUTE
    3140.s                                   0x00000000   Number         0  3140.o ABSOLUTE
    3140_concur.c                            0x00000000   Number         0  3140_concur.o ABSOLUTE
    3140_concur.c                            0x00000000   Number         0  3140_concur.o ABSOLUTE
    RTE\Device\MK64FN1M0VLL12\startup_MK64F12.s 0x00000000   Number         0  startup_mk64f12.o ABSOLUTE
    RTE\Device\MK64FN1M0VLL12\system_MK64F12.c 0x00000000   Number         0  system_mk64f12.o ABSOLUTE
    RTE\\Device\\MK64FN1M0VLL12\\system_MK64F12.c 0x00000000   Number         0  system_mk64f12.o ABSOLUTE
    cond.c                                   0x00000000   Number         0  cond.o ABSOLUTE
    cond.c                                   0x00000000   Number         0  cond.o ABSOLUTE
    dc.s                                     0x00000000   Number         0  dc.o ABSOLUTE
    handlers.s                               0x00000000   Number         0  handlers.o ABSOLUTE
    init.s                                   0x00000000   Number         0  init.o ABSOLUTE
    lock.c                                   0x00000000   Number         0  lock.o ABSOLUTE
    lock.c                                   0x00000000   Number         0  lock.o ABSOLUTE
    process.c                                0x00000000   Number         0  process.o ABSOLUTE
    process.c                                0x00000000   Number         0  process.o ABSOLUTE
    test_c2.c                                0x00000000   Number         0  test_c2.o ABSOLUTE
    test_c2.c                                0x00000000   Number         0  test_c2.o ABSOLUTE
    utils.c                                  0x00000000   Number         0  utils.o ABSOLUTE
    utils.c                                  0x00000000   Number         0  utils.o ABSOLUTE
    FlashConfig                              0x00000400   Section       16  startup_mk64f12.o(FlashConfig)
    .ARM.Collect$$$$00000000                 0x00000410   Section        0  entry.o(.ARM.Collect$$$$00000000)
    .ARM.Collect$$$$00000003                 0x00000410   Section        4  entry4.o(.ARM.Collect$$$$00000003)
    .ARM.Collect$$$$00000004                 0x00000414   Section        4  entry5.o(.ARM.Collect$$$$00000004)
    .ARM.Collect$$$$00000008                 0x00000418   Section        0  entry7b.o(.ARM.Collect$$$$00000008)
    .ARM.Collect$$$$0000000A                 0x00000418   Section        0  entry8b.o(.ARM.Collect$$$$0000000A)
    .ARM.Collect$$$$0000000B                 0x00000418   Section        8  entry9a.o(.ARM.Collect$$$$0000000B)
    .ARM.Collect$$$$0000000D                 0x00000420   Section        0  entry10a.o(.ARM.Collect$$$$0000000D)
    .ARM.Collect$$$$0000000F                 0x00000420   Section        0  entry11a.o(.ARM.Collect$$$$0000000F)
    .ARM.Collect$$$$00002714                 0x00000420   Section        4  entry4.o(.ARM.Collect$$$$00002714)
    __lit__00000000                          0x00000420   Data           4  entry4.o(.ARM.Collect$$$$00002714)
    .text                                    0x00000424   Section      460  startup_mk64f12.o(.text)
    .text                                    0x000005f0   Section       36  init.o(.text)
    i.LED                                    0x00000614   Section        0  test_c2.o(i.LED)
    i.LEDBlue_Toggle                         0x00000644   Section        0  utils.o(i.LEDBlue_Toggle)
    i.LEDGreen_On                            0x00000654   Section        0  utils.o(i.LEDGreen_On)
    i.LEDRed_Toggle                          0x00000684   Section        0  utils.o(i.LEDRed_Toggle)
    i.LED_Initialize                         0x00000694   Section        0  utils.o(i.LED_Initialize)
    i.LED_signal                             0x000006dc   Section        0  test_c2.o(i.LED_signal)
    i.SystemInit                             0x00000708   Section        0  system_mk64f12.o(i.SystemInit)
    i.__NVIC_DisableIRQ                      0x00000724   Section        0  process.o(i.__NVIC_DisableIRQ)
    __NVIC_DisableIRQ                        0x00000725   Thumb Code    54  process.o(i.__NVIC_DisableIRQ)
    i.__NVIC_DisableIRQ                      0x00000760   Section        0  lock.o(i.__NVIC_DisableIRQ)
    __NVIC_DisableIRQ                        0x00000761   Thumb Code    54  lock.o(i.__NVIC_DisableIRQ)
    i.__NVIC_DisableIRQ                      0x0000079c   Section        0  cond.o(i.__NVIC_DisableIRQ)
    __NVIC_DisableIRQ                        0x0000079d   Thumb Code    54  cond.o(i.__NVIC_DisableIRQ)
    i.__NVIC_EnableIRQ                       0x000007d8   Section        0  process.o(i.__NVIC_EnableIRQ)
    __NVIC_EnableIRQ                         0x000007d9   Thumb Code    26  process.o(i.__NVIC_EnableIRQ)
    i.__NVIC_EnableIRQ                       0x000007f2   Section        0  lock.o(i.__NVIC_EnableIRQ)
    __NVIC_EnableIRQ                         0x000007f3   Thumb Code    26  lock.o(i.__NVIC_EnableIRQ)
    i.__NVIC_EnableIRQ                       0x0000080c   Section        0  cond.o(i.__NVIC_EnableIRQ)
    __NVIC_EnableIRQ                         0x0000080d   Thumb Code    26  cond.o(i.__NVIC_EnableIRQ)
    i.__free$2region                         0x00000828   Section        0  malloc2.o(i.__free$2region)
    i.__get_PRIMASK                          0x00000878   Section        0  utils.o(i.__get_PRIMASK)
    __get_PRIMASK                            0x00000879   Thumb Code     6  utils.o(i.__get_PRIMASK)
    i.__malloc$2region                       0x00000880   Section        0  malloc2.o(i.__malloc$2region)
    i.__scatterload_copy                     0x000008ec   Section       14  handlers.o(i.__scatterload_copy)
    i.__scatterload_null                     0x000008fa   Section        2  handlers.o(i.__scatterload_null)
    i.__scatterload_zeroinit                 0x000008fc   Section       14  handlers.o(i.__scatterload_zeroinit)
    i.__set_PRIMASK                          0x0000090a   Section        0  utils.o(i.__set_PRIMASK)
    __set_PRIMASK                            0x0000090b   Thumb Code     6  utils.o(i.__set_PRIMASK)
    i.c_init                                 0x00000910   Section        0  cond.o(i.c_init)
    i.c_signal                               0x00000916   Section        0  cond.o(i.c_signal)
    i.c_wait                                 0x0000095c   Section        0  cond.o(i.c_wait)
    i.c_waiting                              0x00000998   Section        0  cond.o(i.c_waiting)
    i.cond_dequeue                           0x000009a6   Section        0  cond.o(i.cond_dequeue)
    i.cond_enqueue                           0x000009b4   Section        0  cond.o(i.cond_enqueue)
    i.delay                                  0x000009dc   Section        0  utils.o(i.delay)
    i.dequeue                                0x000009f0   Section        0  process.o(i.dequeue)
    i.enqueue                                0x00000a14   Section        0  process.o(i.enqueue)
    i.just_locks                             0x00000a48   Section        0  test_c2.o(i.just_locks)
    i.l_init                                 0x00000a78   Section        0  lock.o(i.l_init)
    i.l_lock                                 0x00000a80   Section        0  lock.o(i.l_lock)
    i.l_unlock                               0x00000abc   Section        0  lock.o(i.l_unlock)
    i.lock_dequeue                           0x00000af6   Section        0  lock.o(i.lock_dequeue)
    i.lock_enqueue                           0x00000b04   Section        0  lock.o(i.lock_enqueue)
    i.main                                   0x00000b2c   Section        0  test_c2.o(i.main)
    i.p1                                     0x00000ba0   Section        0  test_c2.o(i.p1)
    i.process_create                         0x00000bb6   Section        0  process.o(i.process_create)
    i.process_select                         0x00000c04   Section        0  process.o(i.process_select)
    i.process_stack_free                     0x00000c7c   Section        0  3140_concur.o(i.process_stack_free)
    i.process_stack_init                     0x00000c90   Section        0  3140_concur.o(i.process_stack_init)
    i.process_start                          0x00000cf0   Section        0  process.o(i.process_start)
    i.timer_setup                            0x00000d10   Section        0  process.o(i.timer_setup)
    myProg                                   0x00000d3c   Section      128  3140.o(myProg)
    SVC0_begin                               0x00000d55   Thumb Code     0  3140.o(myProg)
    SVC1_terminate                           0x00000d5f   Thumb Code     0  3140.o(myProg)
    .data                                    0x20000000   Section        8  process.o(.data)
    .data                                    0x20000008   Section       24  test_c2.o(.data)
    .data                                    0x20000020   Section        4  mvars.o(.data)
    .data                                    0x20000024   Section        4  mvars.o(.data)
    myData                                   0x20000028   Section        4  3140.o(myData)
    OrigStackPointer                         0x20000028   Data           4  3140.o(myData)

    Global Symbols

    Symbol Name                              Value     Ov Type        Size  Object(Section)

    BuildAttributes$$THM_ISAv4$E$P$D$K$B$S$7EM$PE$A:L22UL41UL21$X:L11$S22US41US21$IEEE1$IW$USESV6$~STKCKD$USESV7$~SHL$OSPACE$EBA8$MICROLIB$REQ8$PRES8$EABIv2 0x00000000   Number         0  anon$$obj.o ABSOLUTE
    __ARM_use_no_argv                        0x00000000   Number         0  test_c2.o ABSOLUTE
    __Vectors                                0x00000000   Data           4  startup_mk64f12.o(RESET)
    __cpp_initialize__aeabi_                  - Undefined Weak Reference
    __cxa_finalize                            - Undefined Weak Reference
    __decompress                              - Undefined Weak Reference
    _clock_init                               - Undefined Weak Reference
    _microlib_exit                            - Undefined Weak Reference
    __Vectors_End                            0x00000400   Data           0  startup_mk64f12.o(RESET)
    __Vectors_Size                           0x00000400   Number         0  startup_mk64f12.o ABSOLUTE
    __main                                   0x00000411   Thumb Code     0  entry.o(.ARM.Collect$$$$00000000)
    _main_stk                                0x00000411   Thumb Code     0  entry4.o(.ARM.Collect$$$$00000003)
    _main_scatterload                        0x00000415   Thumb Code     0  entry5.o(.ARM.Collect$$$$00000004)
    __main_after_scatterload                 0x00000419   Thumb Code     0  entry5.o(.ARM.Collect$$$$00000004)
    _main_clock                              0x00000419   Thumb Code     0  entry7b.o(.ARM.Collect$$$$00000008)
    _main_cpp_init                           0x00000419   Thumb Code     0  entry8b.o(.ARM.Collect$$$$0000000A)
    _main_init                               0x00000419   Thumb Code     0  entry9a.o(.ARM.Collect$$$$0000000B)
    __rt_final_cpp                           0x00000421   Thumb Code     0  entry10a.o(.ARM.Collect$$$$0000000D)
    __rt_final_exit                          0x00000421   Thumb Code     0  entry11a.o(.ARM.Collect$$$$0000000F)
    Reset_Handler                            0x00000425   Thumb Code    24  startup_mk64f12.o(.text)
    NMI_Handler                              0x0000043d   Thumb Code     2  startup_mk64f12.o(.text)
    HardFault_Handler                        0x0000043f   Thumb Code     2  startup_mk64f12.o(.text)
    MemManage_Handler                        0x00000441   Thumb Code     2  startup_mk64f12.o(.text)
    BusFault_Handler                         0x00000443   Thumb Code     2  startup_mk64f12.o(.text)
    UsageFault_Handler                       0x00000445   Thumb Code     2  startup_mk64f12.o(.text)
    DebugMon_Handler                         0x00000449   Thumb Code     2  startup_mk64f12.o(.text)
    PendSV_Handler                           0x0000044b   Thumb Code     2  startup_mk64f12.o(.text)
    SysTick_Handler                          0x0000044d   Thumb Code     2  startup_mk64f12.o(.text)
    DMA0_IRQHandler                          0x0000044f   Thumb Code     4  startup_mk64f12.o(.text)
    DMA1_IRQHandler                          0x00000453   Thumb Code     4  startup_mk64f12.o(.text)
    DMA2_IRQHandler                          0x00000457   Thumb Code     4  startup_mk64f12.o(.text)
    DMA3_IRQHandler                          0x0000045b   Thumb Code     4  startup_mk64f12.o(.text)
    DMA4_IRQHandler                          0x0000045f   Thumb Code     4  startup_mk64f12.o(.text)
    DMA5_IRQHandler                          0x00000463   Thumb Code     4  startup_mk64f12.o(.text)
    DMA6_IRQHandler                          0x00000467   Thumb Code     4  startup_mk64f12.o(.text)
    DMA7_IRQHandler                          0x0000046b   Thumb Code     4  startup_mk64f12.o(.text)
    DMA8_IRQHandler                          0x0000046f   Thumb Code     4  startup_mk64f12.o(.text)
    DMA9_IRQHandler                          0x00000473   Thumb Code     4  startup_mk64f12.o(.text)
    DMA10_IRQHandler                         0x00000477   Thumb Code     4  startup_mk64f12.o(.text)
    DMA11_IRQHandler                         0x0000047b   Thumb Code     4  startup_mk64f12.o(.text)
    DMA12_IRQHandler                         0x0000047f   Thumb Code     4  startup_mk64f12.o(.text)
    DMA13_IRQHandler                         0x00000483   Thumb Code     4  startup_mk64f12.o(.text)
    DMA14_IRQHandler                         0x00000487   Thumb Code     4  startup_mk64f12.o(.text)
    DMA15_IRQHandler                         0x0000048b   Thumb Code     4  startup_mk64f12.o(.text)
    DMA_Error_IRQHandler                     0x0000048f   Thumb Code     4  startup_mk64f12.o(.text)
    I2C0_IRQHandler                          0x00000493   Thumb Code     4  startup_mk64f12.o(.text)
    I2C1_IRQHandler                          0x00000497   Thumb Code     4  startup_mk64f12.o(.text)
    SPI0_IRQHandler                          0x0000049b   Thumb Code     4  startup_mk64f12.o(.text)
    SPI1_IRQHandler                          0x0000049f   Thumb Code     4  startup_mk64f12.o(.text)
    I2S0_Tx_IRQHandler                       0x000004a3   Thumb Code     4  startup_mk64f12.o(.text)
    I2S0_Rx_IRQHandler                       0x000004a7   Thumb Code     4  startup_mk64f12.o(.text)
    UART0_LON_IRQHandler                     0x000004ab   Thumb Code     4  startup_mk64f12.o(.text)
    UART0_RX_TX_IRQHandler                   0x000004af   Thumb Code     4  startup_mk64f12.o(.text)
    UART0_ERR_IRQHandler                     0x000004b3   Thumb Code     4  startup_mk64f12.o(.text)
    UART1_RX_TX_IRQHandler                   0x000004b7   Thumb Code     4  startup_mk64f12.o(.text)
    UART1_ERR_IRQHandler                     0x000004bb   Thumb Code     4  startup_mk64f12.o(.text)
    UART2_RX_TX_IRQHandler                   0x000004bf   Thumb Code     4  startup_mk64f12.o(.text)
    UART2_ERR_IRQHandler                     0x000004c3   Thumb Code     4  startup_mk64f12.o(.text)
    UART3_RX_TX_IRQHandler                   0x000004c7   Thumb Code     4  startup_mk64f12.o(.text)
    UART3_ERR_IRQHandler                     0x000004cb   Thumb Code     4  startup_mk64f12.o(.text)
    SPI2_IRQHandler                          0x000004cf   Thumb Code     4  startup_mk64f12.o(.text)
    UART4_RX_TX_IRQHandler                   0x000004d3   Thumb Code     4  startup_mk64f12.o(.text)
    UART4_ERR_IRQHandler                     0x000004d7   Thumb Code     4  startup_mk64f12.o(.text)
    UART5_RX_TX_IRQHandler                   0x000004db   Thumb Code     4  startup_mk64f12.o(.text)
    UART5_ERR_IRQHandler                     0x000004df   Thumb Code     4  startup_mk64f12.o(.text)
    I2C2_IRQHandler                          0x000004e3   Thumb Code     4  startup_mk64f12.o(.text)
    CAN0_ORed_Message_buffer_IRQHandler      0x000004e7   Thumb Code     4  startup_mk64f12.o(.text)
    CAN0_Bus_Off_IRQHandler                  0x000004eb   Thumb Code     4  startup_mk64f12.o(.text)
    CAN0_Error_IRQHandler                    0x000004ef   Thumb Code     4  startup_mk64f12.o(.text)
    CAN0_Tx_Warning_IRQHandler               0x000004f3   Thumb Code     4  startup_mk64f12.o(.text)
    CAN0_Rx_Warning_IRQHandler               0x000004f7   Thumb Code     4  startup_mk64f12.o(.text)
    CAN0_Wake_Up_IRQHandler                  0x000004fb   Thumb Code     4  startup_mk64f12.o(.text)
    SDHC_IRQHandler                          0x000004ff   Thumb Code     4  startup_mk64f12.o(.text)
    ENET_1588_Timer_IRQHandler               0x00000503   Thumb Code     4  startup_mk64f12.o(.text)
    ENET_Transmit_IRQHandler                 0x00000507   Thumb Code     4  startup_mk64f12.o(.text)
    ENET_Receive_IRQHandler                  0x0000050b   Thumb Code     4  startup_mk64f12.o(.text)
    ENET_Error_IRQHandler                    0x0000050f   Thumb Code     4  startup_mk64f12.o(.text)
    ADC0_IRQHandler                          0x00000513   Thumb Code     0  startup_mk64f12.o(.text)
    ADC1_IRQHandler                          0x00000513   Thumb Code     0  startup_mk64f12.o(.text)
    CAN0_DriverIRQHandler                    0x00000513   Thumb Code     0  startup_mk64f12.o(.text)
    CMP0_IRQHandler                          0x00000513   Thumb Code     0  startup_mk64f12.o(.text)
    CMP1_IRQHandler                          0x00000513   Thumb Code     0  startup_mk64f12.o(.text)
    CMP2_IRQHandler                          0x00000513   Thumb Code     0  startup_mk64f12.o(.text)
    CMT_IRQHandler                           0x00000513   Thumb Code     0  startup_mk64f12.o(.text)
    DAC0_IRQHandler                          0x00000513   Thumb Code     0  startup_mk64f12.o(.text)
    DAC1_IRQHandler                          0x00000513   Thumb Code     0  startup_mk64f12.o(.text)
    DMA0_DriverIRQHandler                    0x00000513   Thumb Code     0  startup_mk64f12.o(.text)
    DMA10_DriverIRQHandler                   0x00000513   Thumb Code     0  startup_mk64f12.o(.text)
    DMA11_DriverIRQHandler                   0x00000513   Thumb Code     0  startup_mk64f12.o(.text)
    DMA12_DriverIRQHandler                   0x00000513   Thumb Code     0  startup_mk64f12.o(.text)
    DMA13_DriverIRQHandler                   0x00000513   Thumb Code     0  startup_mk64f12.o(.text)
    DMA14_DriverIRQHandler                   0x00000513   Thumb Code     0  startup_mk64f12.o(.text)
    DMA15_DriverIRQHandler                   0x00000513   Thumb Code     0  startup_mk64f12.o(.text)
    DMA1_DriverIRQHandler                    0x00000513   Thumb Code     0  startup_mk64f12.o(.text)
    DMA2_DriverIRQHandler                    0x00000513   Thumb Code     0  startup_mk64f12.o(.text)
    DMA3_DriverIRQHandler                    0x00000513   Thumb Code     0  startup_mk64f12.o(.text)
    DMA4_DriverIRQHandler                    0x00000513   Thumb Code     0  startup_mk64f12.o(.text)
    DMA5_DriverIRQHandler                    0x00000513   Thumb Code     0  startup_mk64f12.o(.text)
    DMA6_DriverIRQHandler                    0x00000513   Thumb Code     0  startup_mk64f12.o(.text)
    DMA7_DriverIRQHandler                    0x00000513   Thumb Code     0  startup_mk64f12.o(.text)
    DMA8_DriverIRQHandler                    0x00000513   Thumb Code     0  startup_mk64f12.o(.text)
    DMA9_DriverIRQHandler                    0x00000513   Thumb Code     0  startup_mk64f12.o(.text)
    DMA_Error_DriverIRQHandler               0x00000513   Thumb Code     0  startup_mk64f12.o(.text)
    DefaultISR                               0x00000513   Thumb Code     0  startup_mk64f12.o(.text)
    ENET_1588_Timer_DriverIRQHandler         0x00000513   Thumb Code     0  startup_mk64f12.o(.text)
    ENET_Error_DriverIRQHandler              0x00000513   Thumb Code     0  startup_mk64f12.o(.text)
    ENET_Receive_DriverIRQHandler            0x00000513   Thumb Code     0  startup_mk64f12.o(.text)
    ENET_Transmit_DriverIRQHandler           0x00000513   Thumb Code     0  startup_mk64f12.o(.text)
    FTFE_IRQHandler                          0x00000513   Thumb Code     0  startup_mk64f12.o(.text)
    FTM0_IRQHandler                          0x00000513   Thumb Code     0  startup_mk64f12.o(.text)
    FTM1_IRQHandler                          0x00000513   Thumb Code     0  startup_mk64f12.o(.text)
    FTM2_IRQHandler                          0x00000513   Thumb Code     0  startup_mk64f12.o(.text)
    FTM3_IRQHandler                          0x00000513   Thumb Code     0  startup_mk64f12.o(.text)
    I2C0_DriverIRQHandler                    0x00000513   Thumb Code     0  startup_mk64f12.o(.text)
    I2C1_DriverIRQHandler                    0x00000513   Thumb Code     0  startup_mk64f12.o(.text)
    I2C2_DriverIRQHandler                    0x00000513   Thumb Code     0  startup_mk64f12.o(.text)
    I2S0_Rx_DriverIRQHandler                 0x00000513   Thumb Code     0  startup_mk64f12.o(.text)
    I2S0_Tx_DriverIRQHandler                 0x00000513   Thumb Code     0  startup_mk64f12.o(.text)
    LLWU_IRQHandler                          0x00000513   Thumb Code     0  startup_mk64f12.o(.text)
    LPTMR0_IRQHandler                        0x00000513   Thumb Code     0  startup_mk64f12.o(.text)
    LVD_LVW_IRQHandler                       0x00000513   Thumb Code     0  startup_mk64f12.o(.text)
    MCG_IRQHandler                           0x00000513   Thumb Code     0  startup_mk64f12.o(.text)
    MCM_IRQHandler                           0x00000513   Thumb Code     0  startup_mk64f12.o(.text)
    PDB0_IRQHandler                          0x00000513   Thumb Code     0  startup_mk64f12.o(.text)
    PIT1_IRQHandler                          0x00000513   Thumb Code     0  startup_mk64f12.o(.text)
    PIT2_IRQHandler                          0x00000513   Thumb Code     0  startup_mk64f12.o(.text)
    PIT3_IRQHandler                          0x00000513   Thumb Code     0  startup_mk64f12.o(.text)
    PORTA_IRQHandler                         0x00000513   Thumb Code     0  startup_mk64f12.o(.text)
    PORTB_IRQHandler                         0x00000513   Thumb Code     0  startup_mk64f12.o(.text)
    PORTC_IRQHandler                         0x00000513   Thumb Code     0  startup_mk64f12.o(.text)
    PORTD_IRQHandler                         0x00000513   Thumb Code     0  startup_mk64f12.o(.text)
    PORTE_IRQHandler                         0x00000513   Thumb Code     0  startup_mk64f12.o(.text)
    RNG_IRQHandler                           0x00000513   Thumb Code     0  startup_mk64f12.o(.text)
    RTC_IRQHandler                           0x00000513   Thumb Code     0  startup_mk64f12.o(.text)
    RTC_Seconds_IRQHandler                   0x00000513   Thumb Code     0  startup_mk64f12.o(.text)
    Read_Collision_IRQHandler                0x00000513   Thumb Code     0  startup_mk64f12.o(.text)
    Reserved71_IRQHandler                    0x00000513   Thumb Code     0  startup_mk64f12.o(.text)
    SDHC_DriverIRQHandler                    0x00000513   Thumb Code     0  startup_mk64f12.o(.text)
    SPI0_DriverIRQHandler                    0x00000513   Thumb Code     0  startup_mk64f12.o(.text)
    SPI1_DriverIRQHandler                    0x00000513   Thumb Code     0  startup_mk64f12.o(.text)
    SPI2_DriverIRQHandler                    0x00000513   Thumb Code     0  startup_mk64f12.o(.text)
    SWI_IRQHandler                           0x00000513   Thumb Code     0  startup_mk64f12.o(.text)
    UART0_ERR_DriverIRQHandler               0x00000513   Thumb Code     0  startup_mk64f12.o(.text)
    UART0_LON_DriverIRQHandler               0x00000513   Thumb Code     0  startup_mk64f12.o(.text)
    UART0_RX_TX_DriverIRQHandler             0x00000513   Thumb Code     0  startup_mk64f12.o(.text)
    UART1_ERR_DriverIRQHandler               0x00000513   Thumb Code     0  startup_mk64f12.o(.text)
    UART1_RX_TX_DriverIRQHandler             0x00000513   Thumb Code     0  startup_mk64f12.o(.text)
    UART2_ERR_DriverIRQHandler               0x00000513   Thumb Code     0  startup_mk64f12.o(.text)
    UART2_RX_TX_DriverIRQHandler             0x00000513   Thumb Code     0  startup_mk64f12.o(.text)
    UART3_ERR_DriverIRQHandler               0x00000513   Thumb Code     0  startup_mk64f12.o(.text)
    UART3_RX_TX_DriverIRQHandler             0x00000513   Thumb Code     0  startup_mk64f12.o(.text)
    UART4_ERR_DriverIRQHandler               0x00000513   Thumb Code     0  startup_mk64f12.o(.text)
    UART4_RX_TX_DriverIRQHandler             0x00000513   Thumb Code     0  startup_mk64f12.o(.text)
    UART5_ERR_DriverIRQHandler               0x00000513   Thumb Code     0  startup_mk64f12.o(.text)
    UART5_RX_TX_DriverIRQHandler             0x00000513   Thumb Code     0  startup_mk64f12.o(.text)
    USB0_IRQHandler                          0x00000513   Thumb Code     0  startup_mk64f12.o(.text)
    USBDCD_IRQHandler                        0x00000513   Thumb Code     0  startup_mk64f12.o(.text)
    WDOG_EWM_IRQHandler                      0x00000513   Thumb Code     0  startup_mk64f12.o(.text)
    __scatterload                            0x000005f1   Thumb Code    28  init.o(.text)
    __scatterload_rt2                        0x000005f1   Thumb Code     0  init.o(.text)
    LED                                      0x00000615   Thumb Code    34  test_c2.o(i.LED)
    LEDBlue_Toggle                           0x00000645   Thumb Code    10  utils.o(i.LEDBlue_Toggle)
    LEDGreen_On                              0x00000655   Thumb Code    38  utils.o(i.LEDGreen_On)
    LEDRed_Toggle                            0x00000685   Thumb Code    10  utils.o(i.LEDRed_Toggle)
    LED_Initialize                           0x00000695   Thumb Code    50  utils.o(i.LED_Initialize)
    LED_signal                               0x000006dd   Thumb Code    36  test_c2.o(i.LED_signal)
    SystemInit                               0x00000709   Thumb Code    22  system_mk64f12.o(i.SystemInit)
    free                                     0x00000829   Thumb Code    76  malloc2.o(i.__free$2region)
    malloc                                   0x00000881   Thumb Code    92  malloc2.o(i.__malloc$2region)
    __scatterload_copy                       0x000008ed   Thumb Code    14  handlers.o(i.__scatterload_copy)
    __scatterload_null                       0x000008fb   Thumb Code     2  handlers.o(i.__scatterload_null)
    __scatterload_zeroinit                   0x000008fd   Thumb Code    14  handlers.o(i.__scatterload_zeroinit)
    c_init                                   0x00000911   Thumb Code     6  cond.o(i.c_init)
    c_signal                                 0x00000917   Thumb Code    68  cond.o(i.c_signal)
    c_wait                                   0x0000095d   Thumb Code    54  cond.o(i.c_wait)
    c_waiting                                0x00000999   Thumb Code    14  cond.o(i.c_waiting)
    cond_dequeue                             0x000009a7   Thumb Code    14  cond.o(i.cond_dequeue)
    cond_enqueue                             0x000009b5   Thumb Code    40  cond.o(i.cond_enqueue)
    delay                                    0x000009dd   Thumb Code    14  utils.o(i.delay)
    dequeue                                  0x000009f1   Thumb Code    30  process.o(i.dequeue)
    enqueue                                  0x00000a15   Thumb Code    46  process.o(i.enqueue)
    just_locks                               0x00000a49   Thumb Code    42  test_c2.o(i.just_locks)
    l_init                                   0x00000a79   Thumb Code     8  lock.o(i.l_init)
    l_lock                                   0x00000a81   Thumb Code    54  lock.o(i.l_lock)
    l_unlock                                 0x00000abd   Thumb Code    58  lock.o(i.l_unlock)
    lock_dequeue                             0x00000af7   Thumb Code    14  lock.o(i.lock_dequeue)
    lock_enqueue                             0x00000b05   Thumb Code    40  lock.o(i.lock_enqueue)
    main                                     0x00000b2d   Thumb Code    92  test_c2.o(i.main)
    p1                                       0x00000ba1   Thumb Code    22  test_c2.o(i.p1)
    process_create                           0x00000bb7   Thumb Code    78  process.o(i.process_create)
    process_select                           0x00000c05   Thumb Code   112  process.o(i.process_select)
    process_stack_free                       0x00000c7d   Thumb Code    18  3140_concur.o(i.process_stack_free)
    process_stack_init                       0x00000c91   Thumb Code    90  3140_concur.o(i.process_stack_init)
    process_start                            0x00000cf1   Thumb Code    28  process.o(i.process_start)
    timer_setup                              0x00000d11   Thumb Code    32  process.o(i.timer_setup)
    SVC_Handler                              0x00000d3d   Thumb Code     0  3140.o(myProg)
    process_terminated                       0x00000d63   Thumb Code     0  3140.o(myProg)
    process_begin                            0x00000d67   Thumb Code     0  3140.o(myProg)
    process_blocked                          0x00000d6d   Thumb Code     0  3140.o(myProg)
    PIT0_IRQHandler                          0x00000d73   Thumb Code     0  3140.o(myProg)
    Region$$Table$$Base                      0x00000dbc   Number         0  anon$$obj.o(Region$$Table)
    Region$$Table$$Limit                     0x00000dcc   Number         0  anon$$obj.o(Region$$Table)
    current_process                          0x20000000   Data           4  process.o(.data)
    process_queue                            0x20000004   Data           4  process.o(.data)
    l_cond                                   0x20000008   Data           8  test_c2.o(.data)
    l_locker                                 0x20000010   Data           8  test_c2.o(.data)
    LED_state                                0x20000018   Data           4  test_c2.o(.data)
    is_LEDOn                                 0x2000001c   Data           4  test_c2.o(.data)
    __microlib_freelist                      0x20000020   Data           4  mvars.o(.data)
    __microlib_freelist_initialised          0x20000024   Data           4  mvars.o(.data)
    Image$$ARM_LIB_HEAP$$ZI$$Base            0x2000002c   Number         0  anon$$obj.o ABSOLUTE
    Image$$ARM_LIB_HEAP$$ZI$$Limit           0x2000042c   Number         0  anon$$obj.o ABSOLUTE
    Image$$ARM_LIB_STACK$$ZI$$Limit          0x20030000   Number         0  anon$$obj.o ABSOLUTE



==============================================================================

Memory Map of the image

  Image Entry point : 0x00000411

  Load Region LR_m_text (Base: 0x00000000, Size: 0x00000df8, Max: 0x00100000, ABSOLUTE)

    Execution Region VECTOR_ROM (Exec base: 0x00000000, Load base: 0x00000000, Size: 0x00000400, Max: 0x00000400, ABSOLUTE)

    Exec Addr    Load Addr    Size         Type   Attr      Idx    E Section Name        Object

    0x00000000   0x00000000   0x00000400   Data   RO          427    RESET               startup_mk64f12.o


    Execution Region ER_m_flash_config (Exec base: 0x00000400, Load base: 0x00000400, Size: 0x00000010, Max: 0x00000010, ABSOLUTE, FIXED)

    Exec Addr    Load Addr    Size         Type   Attr      Idx    E Section Name        Object

    0x00000400   0x00000400   0x00000010   Data   RO          428    FlashConfig         startup_mk64f12.o


    Execution Region ER_m_text (Exec base: 0x00000410, Load base: 0x00000410, Size: 0x000009bc, Max: 0x000ffbf0, ABSOLUTE)

    Exec Addr    Load Addr    Size         Type   Attr      Idx    E Section Name        Object

    0x00000410   0x00000410   0x00000000   Code   RO          482  * .ARM.Collect$$$$00000000  mc_w.l(entry.o)
    0x00000410   0x00000410   0x00000004   Code   RO          513    .ARM.Collect$$$$00000003  mc_w.l(entry4.o)
    0x00000414   0x00000414   0x00000004   Code   RO          516    .ARM.Collect$$$$00000004  mc_w.l(entry5.o)
    0x00000418   0x00000418   0x00000000   Code   RO          518    .ARM.Collect$$$$00000008  mc_w.l(entry7b.o)
    0x00000418   0x00000418   0x00000000   Code   RO          520    .ARM.Collect$$$$0000000A  mc_w.l(entry8b.o)
    0x00000418   0x00000418   0x00000008   Code   RO          521    .ARM.Collect$$$$0000000B  mc_w.l(entry9a.o)
    0x00000420   0x00000420   0x00000000   Code   RO          523    .ARM.Collect$$$$0000000D  mc_w.l(entry10a.o)
    0x00000420   0x00000420   0x00000000   Code   RO          525    .ARM.Collect$$$$0000000F  mc_w.l(entry11a.o)
    0x00000420   0x00000420   0x00000004   Code   RO          514    .ARM.Collect$$$$00002714  mc_w.l(entry4.o)
    0x00000424   0x00000424   0x000001cc   Code   RO          429    .text               startup_mk64f12.o
    0x000005f0   0x000005f0   0x00000024   Code   RO          533    .text               mc_w.l(init.o)
    0x00000614   0x00000614   0x00000030   Code   RO          379    i.LED               test_c2.o
    0x00000644   0x00000644   0x00000010   Code   RO           76    i.LEDBlue_Toggle    utils.o
    0x00000654   0x00000654   0x00000030   Code   RO           77    i.LEDGreen_On       utils.o
    0x00000684   0x00000684   0x00000010   Code   RO           80    i.LEDRed_Toggle     utils.o
    0x00000694   0x00000694   0x00000048   Code   RO           81    i.LED_Initialize    utils.o
    0x000006dc   0x000006dc   0x0000002c   Code   RO          380    i.LED_signal        test_c2.o
    0x00000708   0x00000708   0x0000001c   Code   RO          437    i.SystemInit        system_mk64f12.o
    0x00000724   0x00000724   0x0000003c   Code   RO          167    i.__NVIC_DisableIRQ  process.o
    0x00000760   0x00000760   0x0000003c   Code   RO          244    i.__NVIC_DisableIRQ  lock.o
    0x0000079c   0x0000079c   0x0000003c   Code   RO          312    i.__NVIC_DisableIRQ  cond.o
    0x000007d8   0x000007d8   0x0000001a   Code   RO          168    i.__NVIC_EnableIRQ  process.o
    0x000007f2   0x000007f2   0x0000001a   Code   RO          245    i.__NVIC_EnableIRQ  lock.o
    0x0000080c   0x0000080c   0x0000001a   Code   RO          313    i.__NVIC_EnableIRQ  cond.o
    0x00000826   0x00000826   0x00000002   PAD
    0x00000828   0x00000828   0x00000050   Code   RO          485    i.__free$2region    mc_w.l(malloc2.o)
    0x00000878   0x00000878   0x00000006   Code   RO           83    i.__get_PRIMASK     utils.o
    0x0000087e   0x0000087e   0x00000002   PAD
    0x00000880   0x00000880   0x0000006c   Code   RO          486    i.__malloc$2region  mc_w.l(malloc2.o)
    0x000008ec   0x000008ec   0x0000000e   Code   RO          537    i.__scatterload_copy  mc_w.l(handlers.o)
    0x000008fa   0x000008fa   0x00000002   Code   RO          538    i.__scatterload_null  mc_w.l(handlers.o)
    0x000008fc   0x000008fc   0x0000000e   Code   RO          539    i.__scatterload_zeroinit  mc_w.l(handlers.o)
    0x0000090a   0x0000090a   0x00000006   Code   RO           84    i.__set_PRIMASK     utils.o
    0x00000910   0x00000910   0x00000006   Code   RO          314    i.c_init            cond.o
    0x00000916   0x00000916   0x00000044   Code   RO          315    i.c_signal          cond.o
    0x0000095a   0x0000095a   0x00000002   PAD
    0x0000095c   0x0000095c   0x0000003c   Code   RO          316    i.c_wait            cond.o
    0x00000998   0x00000998   0x0000000e   Code   RO          317    i.c_waiting         cond.o
    0x000009a6   0x000009a6   0x0000000e   Code   RO          318    i.cond_dequeue      cond.o
    0x000009b4   0x000009b4   0x00000028   Code   RO          319    i.cond_enqueue      cond.o
    0x000009dc   0x000009dc   0x00000014   Code   RO           85    i.delay             utils.o
    0x000009f0   0x000009f0   0x00000024   Code   RO          169    i.dequeue           process.o
    0x00000a14   0x00000a14   0x00000034   Code   RO          170    i.enqueue           process.o
    0x00000a48   0x00000a48   0x00000030   Code   RO          381    i.just_locks        test_c2.o
    0x00000a78   0x00000a78   0x00000008   Code   RO          246    i.l_init            lock.o
    0x00000a80   0x00000a80   0x0000003c   Code   RO          247    i.l_lock            lock.o
    0x00000abc   0x00000abc   0x0000003a   Code   RO          248    i.l_unlock          lock.o
    0x00000af6   0x00000af6   0x0000000e   Code   RO          249    i.lock_dequeue      lock.o
    0x00000b04   0x00000b04   0x00000028   Code   RO          250    i.lock_enqueue      lock.o
    0x00000b2c   0x00000b2c   0x00000074   Code   RO          382    i.main              test_c2.o
    0x00000ba0   0x00000ba0   0x00000016   Code   RO          383    i.p1                test_c2.o
    0x00000bb6   0x00000bb6   0x0000004e   Code   RO          171    i.process_create    process.o
    0x00000c04   0x00000c04   0x00000078   Code   RO          172    i.process_select    process.o
    0x00000c7c   0x00000c7c   0x00000012   Code   RO            6    i.process_stack_free  3140_concur.o
    0x00000c8e   0x00000c8e   0x00000002   PAD
    0x00000c90   0x00000c90   0x00000060   Code   RO            7    i.process_stack_init  3140_concur.o
    0x00000cf0   0x00000cf0   0x00000020   Code   RO          173    i.process_start     process.o
    0x00000d10   0x00000d10   0x0000002c   Code   RO          174    i.timer_setup       process.o
    0x00000d3c   0x00000d3c   0x00000080   Code   RO          161    myProg              3140.o
    0x00000dbc   0x00000dbc   0x00000010   Data   RO          535    Region$$Table       anon$$obj.o


    Execution Region RW_m_data (Exec base: 0x1fff0000, Load base: 0x00000dcc, Size: 0x00000000, Max: 0x00010000, ABSOLUTE)

    **** No section assigned to this execution region ****


    Execution Region RW_m_data_2 (Exec base: 0x20000000, Load base: 0x00000dcc, Size: 0x0000002c, Max: 0x0002f800, ABSOLUTE)

    Exec Addr    Load Addr    Size         Type   Attr      Idx    E Section Name        Object

    0x20000000   0x00000dcc   0x00000008   Data   RW          175    .data               process.o
    0x20000008   0x00000dd4   0x00000018   Data   RW          384    .data               test_c2.o
    0x20000020   0x00000dec   0x00000004   Data   RW          531    .data               mc_w.l(mvars.o)
    0x20000024   0x00000df0   0x00000004   Data   RW          532    .data               mc_w.l(mvars.o)
    0x20000028   0x00000df4   0x00000004   Data   RW          160    myData              3140.o


    Execution Region ARM_LIB_HEAP (Exec base: 0x2000002c, Load base: 0x00000df8, Size: 0x00000400, Max: 0x00000400, ABSOLUTE)

    Exec Addr    Load Addr    Size         Type   Attr      Idx    E Section Name        Object

    0x2000002c        -       0x00000400   Zero   RW            1    ARM_LIB_HEAP.bss    anon$$obj.o


    Execution Region ARM_LIB_STACK (Exec base: 0x2002fc00, Load base: 0x00000df8, Size: 0x00000400, Max: 0x00000400, ABSOLUTE)

    Exec Addr    Load Addr    Size         Type   Attr      Idx    E Section Name        Object

    0x2002fc00        -       0x00000400   Zero   RW            2    ARM_LIB_STACK.bss   anon$$obj.o


==============================================================================

Image component sizes


      Code (inc. data)   RO Data    RW Data    ZI Data      Debug   Object Name

       128         26          0          4          0        280   3140.o
       114          6          0          0          0     470250   3140_concur.o
       288         12          0          0          0       4327   cond.o
       266         12          0          0          0       4711   lock.o
       448         42          0          8          0      33779   process.o
       460        218       1040          0          0       3228   startup_mk64f12.o
        28          6          0          0          0        473   system_mk64f12.o
       278         52          0         24          0       2633   test_c2.o
       184         50          0          0          0       7972   utils.o

    ----------------------------------------------------------------------
      2202        424       1056         36       2048     527653   Object Totals
         0          0         16          0       2048          0   (incl. Generated)
         8          0          0          0          0          0   (incl. Padding)

    ----------------------------------------------------------------------

      Code (inc. data)   RO Data    RW Data    ZI Data      Debug   Library Member Name

         0          0          0          0          0          0   entry.o
         0          0          0          0          0          0   entry10a.o
         0          0          0          0          0          0   entry11a.o
         8          4          0          0          0          0   entry4.o
         4          0          0          0          0          0   entry5.o
         0          0          0          0          0          0   entry7b.o
         0          0          0          0          0          0   entry8b.o
         8          4          0          0          0          0   entry9a.o
        30          0          0          0          0          0   handlers.o
        36          8          0          0          0         68   init.o
       188         20          0          0          0        160   malloc2.o
         0          0          0          8          0          0   mvars.o

    ----------------------------------------------------------------------
       274         36          0          8          0        228   Library Totals
         0          0          0          0          0          0   (incl. Padding)

    ----------------------------------------------------------------------

      Code (inc. data)   RO Data    RW Data    ZI Data      Debug   Library Name

       274         36          0          8          0        228   mc_w.l

    ----------------------------------------------------------------------
       274         36          0          8          0        228   Library Totals

    ----------------------------------------------------------------------

==============================================================================


      Code (inc. data)   RO Data    RW Data    ZI Data      Debug   

      2476        460       1056         44       2048     526161   Grand Totals
      2476        460       1056         44       2048     526161   ELF Image Totals
      2476        460       1056         44          0          0   ROM Totals

==============================================================================

    Total RO  Size (Code + RO Data)                 3532 (   3.45kB)
    Total RW  Size (RW Data + ZI Data)              2092 (   2.04kB)
    Total ROM Size (Code + RO Data + RW Data)       3576 (   3.49kB)

==============================================================================

